
0 0.10998950229958 1 -4.10843530648698e-07 0.000423185422696383 4.52183058197245e-07 8584 12942 0.000372896593714955 0.000262143185518214 0

0 0.10998950229958 1 -4.10843530648698e-07 0.000423185422696383 4.52183058197245e-07 8584 12942 0.000372896593714955 0.000262143185518214 0
